// Jest Snapshot v1, https://goo.gl/fbAQLP

exports[`Hello World: should match the snapshot 1`] = `
<div
  className="hello"
>
  <h1>
    Howdy!!
  </h1>
  <h2>
    Evan
  </h2>
  <p>
    Congratulations!  You have created your first React component!
  </p>
</div>
`;
